src/components/HologramChart.tsx(3,15): error TS6133: 'Sphere' is declared but its value is never read.
src/pages/Armory.tsx(2,1): error TS6133: 'motion' is declared but its value is never read.
src/pages/PlayerAnalytics.tsx(6,1): error TS6133: 'RadarChart' is declared but its value is never read.
src/pages/Profile.tsx(6,18): error TS6133: 'AnimatePresence' is declared but its value is never read.
